// Jest Snapshot v1, https://goo.gl/fbAQLP

exports[`<Card /> should render Card 1`] = `
.c0 {
  border: 1px solid #ccc;
  border-radius: 4px;
  max-width: 200px;
  padding: 8px;
  margin: 8px;
  display: -webkit-box;
  display: -webkit-flex;
  display: -ms-flexbox;
  display: flex;
  -webkit-flex-direction: column;
  -ms-flex-direction: column;
  flex-direction: column;
}

.c0 h5 {
  margin: 0;
}

<div
  class="c0"
  data-testid="card"
/>
`;
