// Jest Snapshot v1, https://goo.gl/fbAQLP

exports[`Header should render Header 1`] = `
<header
  class="sc-bczRLJ fvGLJi"
  data-testid="header"
>
  <a
    href="/"
  >
    <h1>
      Logo Title
    </h1>
  </a>
  <ul>
    <li>
      <a
        href="/cards"
      >
        Cards
      </a>
    </li>
    <li>
      <a
        href="/about"
      >
        About
      </a>
    </li>
  </ul>
</header>
`;
