// Jest Snapshot v1, https://goo.gl/fbAQLP

exports[`Header should render Header 1`] = `
.c0 {
  display: -webkit-box;
  display: -webkit-flex;
  display: -ms-flexbox;
  display: flex;
  -webkit-box-pack: justify;
  -webkit-justify-content: space-between;
  -ms-flex-pack: justify;
  justify-content: space-between;
  -webkit-align-items: center;
  -webkit-box-align: center;
  -ms-flex-align: center;
  align-items: center;
  height: 60px;
  background-color: #777;
}

.c0 .buttons {
  display: -webkit-box;
  display: -webkit-flex;
  display: -ms-flexbox;
  display: flex;
}

.c0 .buttons button {
  margin-left: 10px;
  width: 5rem;
}

<header
  class="c0"
  data-testid="header"
>
  <a
    href="/"
  >
    <h1>
      Logo Title
    </h1>
  </a>
  <ul>
    <li>
      <a
        href="/cards"
      >
        Cards
      </a>
    </li>
    <li>
      <a
        href="/about"
      >
        About
      </a>
    </li>
  </ul>
</header>
`;
