// Jest Snapshot v1, https://goo.gl/fbAQLP

exports[`Header should render Header 1`] = `
<header
  class="sc-bczRLJ kuUTWK"
  data-testid="header"
>
  <h1>
    Logo Title
  </h1>
  <div
    class="buttons"
  >
    <button>
      Add
    </button>
    <button>
      Reset
    </button>
  </div>
</header>
`;
